// Jest Snapshot v1, https://goo.gl/fbAQLP

exports[
  `Testing default button render an button with alert class and width 210px and text say Alert: test procced 1`
] = `
.c0 {
  min-width: 13.12rem;
  width: 210px;
  padding: 2rem 6rem;
  cursor: pointer;
  display: -webkit-box;
  display: -webkit-flex;
  display: -ms-flexbox;
  display: flex;
  -webkit-box-pack: center;
  -webkit-justify-content: center;
  -ms-flex-pack: center;
  justify-content: center;
  -webkit-align-items: center;
  -webkit-box-align: center;
  -ms-flex-align: center;
  align-items: center;
  background: #fa9806;
  color: white;
  border-radius: 5px;
  border: none;
  font-size: 1.2rem;
  -webkit-transition: 0.2s ease background;
  transition: 0.2s ease background;
}

.c0:hover {
  background: #ffb006;
}

.c0 div {
  padding-left: 8px;
  padding-right: 8px;
}

<button
  class="c0"
  width="210px"
>
  <div>
    <svg
      fill="currentColor"
      height="18"
      stroke="currentColor"
      stroke-width="0"
      viewBox="0 0 192 512"
      width="18"
      xmlns="http://www.w3.org/2000/svg"
    >
      <path
        d="M176 432c0 44.112-35.888 80-80 80s-80-35.888-80-80 35.888-80 80-80 80 35.888 80 80zM25.26 25.199l13.6 272C39.499 309.972 50.041 320 62.83 320h66.34c12.789 0 23.331-10.028 23.97-22.801l13.6-272C167.425 11.49 156.496 0 142.77 0H49.23C35.504 0 24.575 11.49 25.26 25.199z"
      />
    </svg>
  </div>
  Alert: test procced
</button>
`

exports[
  `Testing default button render an button with disable class and text say Operation suspended 1`
] = `
.c0 {
  min-width: 13.12rem;
  width: 100%;
  padding: 2rem 6rem;
  cursor: pointer;
  display: -webkit-box;
  display: -webkit-flex;
  display: -ms-flexbox;
  display: flex;
  -webkit-box-pack: center;
  -webkit-justify-content: center;
  -ms-flex-pack: center;
  justify-content: center;
  -webkit-align-items: center;
  -webkit-box-align: center;
  -ms-flex-align: center;
  align-items: center;
  background: #dddddd;
  color: white;
  border-radius: 5px;
  border: none;
  font-size: 1.2rem;
  -webkit-transition: 0.2s ease background;
  transition: 0.2s ease background;
}

.c0:disabled {
  background: #dddddd;
  opacity: 0.5;
  cursor: not-allowed;
  border: 1px dashed white;
}

.c0:hover {
  background: #cccccc;
}

.c0 div {
  padding-left: 8px;
  padding-right: 8px;
}

<button
  class="c0"
  disabled=""
  width="100%"
>
  <div />
  Operation suspended
</button>
`

exports[
  `Testing default button should render a primary button with width 210px and text Text of Test 1`
] = `
.c0 {
  min-width: 13.12rem;
  width: 210px;
  padding: 2rem 6rem;
  cursor: pointer;
  display: -webkit-box;
  display: -webkit-flex;
  display: -ms-flexbox;
  display: flex;
  -webkit-box-pack: center;
  -webkit-justify-content: center;
  -ms-flex-pack: center;
  justify-content: center;
  -webkit-align-items: center;
  -webkit-box-align: center;
  -ms-flex-align: center;
  align-items: center;
  background: #004e9a;
  color: white;
  border-radius: 5px;
  border: none;
  font-size: 1.2rem;
  -webkit-transition: 0.2s ease background;
  transition: 0.2s ease background;
}

.c0:hover {
  background: #0B5394;
}

.c0 div {
  padding-left: 8px;
  padding-right: 8px;
}

<button
  class="c0"
  width="210px"
>
  <div />
  Text of Test
</button>
`
